Component: ARM Compiler 5.05 update 1 (build 106) Tool: armlink [4d0efa]

==============================================================================

Section Cross References

    main.o(.text) refers to _printf_percent.o(.ARM.Collect$$_printf_percent$$00000000) for _printf_percent
    main.o(.text) refers to _printf_d.o(.ARM.Collect$$_printf_percent$$00000009) for _printf_d
    main.o(.text) refers to _printf_dec.o(.text) for _printf_int_dec
    main.o(.text) refers to _printf_x.o(.ARM.Collect$$_printf_percent$$0000000C) for _printf_x
    main.o(.text) refers to _printf_hex_int.o(.text) for _printf_longlong_hex
    main.o(.text) refers to _printf_c.o(.ARM.Collect$$_printf_percent$$00000013) for _printf_c
    main.o(.text) refers to _printf_str.o(.text) for _printf_str
    main.o(.text) refers to sim7600ce_connect.o(.text) for net_send
    main.o(.text) refers to gprs_handle.o(.text) for gprs_send_data_packet
    main.o(.text) refers to noretval__2printf.o(.text) for __2printf
    main.o(.text) refers to delay.o(.text) for delay_ms
    main.o(.text) refers to fifo.o(.text) for get_fifo_used_length
    main.o(.text) refers to sysprintf.o(.text) for __xstd_dump
    main.o(.text) refers to sim800a.o(.text) for gprsDecodeFrame
    main.o(.text) refers to crc16.o(.text) for crc16
    main.o(.text) refers to memcmp.o(.text) for memcmp
    main.o(.text) refers to stmflash.o(.text) for STMFLASH_Read
    main.o(.text) refers to iap.o(.text) for iap_write_appbin
    main.o(.text) refers to main.o(.data) for heart_time_count
    main.o(.text) refers to main.o(.bss) for send_ack_buf
    main.o(.text) refers to sim7600ce_connect.o(.bss) for ringgprsbuf
    main.o(.text) refers to usart.o(.text) for usart4_rx_buffer_clean
    main.o(.text) refers to rt_memclr_w.o(.text) for __aeabi_memclr4
    main.o(.text) refers to led.o(.text) for LED_Init
    main.o(.text) refers to xprintf.o(.data) for xfunc_out
    main.o(.text) refers to main.o(.constdata) for UDP_local_port
    system_stm32f10x.o(.text) refers to system_stm32f10x.o(.data) for SystemCoreClock
    led.o(.text) refers to stm32f10x_rcc.o(.text) for RCC_APB2PeriphClockCmd
    led.o(.text) refers to stm32f10x_gpio.o(.text) for GPIO_Init
    stmflash.o(.text) refers to stm32f10x_flash.o(.text) for FLASH_ProgramHalfWord
    stmflash.o(.text) refers to stmflash.o(.bss) for STMFLASH_BUF
    sim800a.o(.text) refers to _printf_percent.o(.ARM.Collect$$_printf_percent$$00000000) for _printf_percent
    sim800a.o(.text) refers to _printf_c.o(.ARM.Collect$$_printf_percent$$00000013) for _printf_c
    sim800a.o(.text) refers to _printf_str.o(.text) for _printf_str
    sim800a.o(.text) refers to noretval__2printf.o(.text) for __2printf
    sim800a.o(.text) refers to strstr.o(.text) for strstr
    sim800a.o(.text) refers to rt_memclr_w.o(.text) for __aeabi_memclr4
    sim800a.o(.text) refers to rt_memcpy_v6.o(.text) for __aeabi_memcpy
    sim800a.o(.text) refers to usart.o(.text) for USART4_send
    sim800a.o(.text) refers to strlen.o(.text) for strlen
    sim800a.o(.text) refers to rt_memcpy_w.o(.text) for __aeabi_memcpy4
    sim800a.o(.text) refers to strcat.o(.text) for strcat
    sim800a.o(.text) refers to delay.o(.text) for delay_ms
    sim800a.o(.text) refers to sim800a.o(.constdata) for double_quote
    crc16.o(.text) refers to crc16.o(.constdata) for aucCRCHi
    sim7600ce.o(.text) refers to strstr.o(.text) for strstr
    sim7600ce.o(.text) refers to rt_memcpy_v6.o(.text) for __aeabi_memcpy
    sim7600ce.o(.text) refers to usart.o(.text) for USART4_send
    sim7600ce.o(.text) refers to sysprintf.o(.text) for __xstd_dump
    sim7600ce.o(.text) refers to strlen.o(.text) for strlen
    sim7600ce.o(.text) refers to rt_memcpy_w.o(.text) for __aeabi_memcpy4
    sim7600ce.o(.text) refers to rt_memclr_w.o(.text) for __aeabi_memclr4
    sim7600ce.o(.text) refers to strcat.o(.text) for strcat
    sim7600ce.o(.text) refers to sim7600ce.o(.bss) for sim7600ce_send_buff
    sim7600ce.o(.text) refers to sim7600ce.o(.constdata) for double_quote
    sim7600ce_connect.o(.text) refers to _printf_percent.o(.ARM.Collect$$_printf_percent$$00000000) for _printf_percent
    sim7600ce_connect.o(.text) refers to _printf_d.o(.ARM.Collect$$_printf_percent$$00000009) for _printf_d
    sim7600ce_connect.o(.text) refers to _printf_dec.o(.text) for _printf_int_dec
    sim7600ce_connect.o(.text) refers to rt_memclr_w.o(.text) for __aeabi_memclr4
    sim7600ce_connect.o(.text) refers to sim7600ce.o(.text) for sim7600ce_check_cmd
    sim7600ce_connect.o(.text) refers to delay.o(.text) for delay_ms
    sim7600ce_connect.o(.text) refers to usart.o(.text) for usart4_rx_buffer_get
    sim7600ce_connect.o(.text) refers to rt_memcpy_v6.o(.text) for __aeabi_memcpy
    sim7600ce_connect.o(.text) refers to memcmp.o(.text) for memcmp
    sim7600ce_connect.o(.text) refers to sim7600ce.o(.data) for Operator
    sim7600ce_connect.o(.text) refers to sim7600ce_connect.o(.data) for open_flag
[...]
    ../clib/angel/sys.s                      0x00000000   Number         0  use_no_semi.o ABSOLUTE
    ../clib/angel/sysapp.c                   0x00000000   Number         0  sys_wrch.o ABSOLUTE
    ../clib/angel/sysapp.c                   0x00000000   Number         0  sys_command.o ABSOLUTE
    ../clib/armsys.c                         0x00000000   Number         0  argv_veneer.o ABSOLUTE
    ../clib/armsys.c                         0x00000000   Number         0  _get_argv_nomalloc.o ABSOLUTE
    ../clib/armsys.c                         0x00000000   Number         0  argv_veneer.o ABSOLUTE
    ../clib/armsys.c                         0x00000000   Number         0  no_argv.o ABSOLUTE
    ../clib/ctype.c                          0x00000000   Number         0  toupper.o ABSOLUTE
    ../clib/heapalloc.c                      0x00000000   Number         0  hrguard.o ABSOLUTE
    ../clib/heapaux.c                        0x00000000   Number         0  heapauxi.o ABSOLUTE
    ../clib/libinit.s                        0x00000000   Number         0  libinit2.o ABSOLUTE
    ../clib/libinit.s                        0x00000000   Number         0  libshutdown2.o ABSOLUTE
    ../clib/libinit.s                        0x00000000   Number         0  libshutdown.o ABSOLUTE
    ../clib/libinit.s                        0x00000000   Number         0  libinit.o ABSOLUTE
    ../clib/locale.s                         0x00000000   Number         0  lc_ctype_c.o ABSOLUTE
    ../clib/memcpset.s                       0x00000000   Number         0  strcmpv7m.o ABSOLUTE
    ../clib/memcpset.s                       0x00000000   Number         0  rt_memcpy_v6.o ABSOLUTE
    ../clib/memcpset.s                       0x00000000   Number         0  rt_memcpy_w.o ABSOLUTE
    ../clib/memcpset.s                       0x00000000   Number         0  rt_memclr_w.o ABSOLUTE
    ../clib/printf.c                         0x00000000   Number         0  _printf_hex_ll_ptr.o ABSOLUTE
    ../clib/printf.c                         0x00000000   Number         0  _printf_hex_int_ll.o ABSOLUTE
    ../clib/printf.c                         0x00000000   Number         0  _printf_hex_ptr.o ABSOLUTE
    ../clib/printf.c                         0x00000000   Number         0  __printf_flags_ss_wp.o ABSOLUTE
    ../clib/printf.c                         0x00000000   Number         0  __2printf.o ABSOLUTE
    ../clib/printf.c                         0x00000000   Number         0  noretval__2printf.o ABSOLUTE
    ../clib/printf.c                         0x00000000   Number         0  __printf_ss_wp.o ABSOLUTE
    ../clib/printf.c                         0x00000000   Number         0  __printf.o ABSOLUTE
    ../clib/printf.c                         0x00000000   Number         0  __printf_flags_wp.o ABSOLUTE
    ../clib/printf.c                         0x00000000   Number         0  __printf_wp.o ABSOLUTE
    ../clib/printf.c                         0x00000000   Number         0  _printf_dec.o ABSOLUTE
    ../clib/printf.c                         0x00000000   Number         0  __printf_flags_ss.o ABSOLUTE
    ../clib/printf.c                         0x00000000   Number         0  _printf_char_common.o ABSOLUTE
    ../clib/printf.c                         0x00000000   Number         0  _printf_hex_int.o ABSOLUTE
    ../clib/printf.c                         0x00000000   Number         0  _printf_str.o ABSOLUTE
    ../clib/printf.c                         0x00000000   Number         0  _printf_hex_ll.o ABSOLUTE
    ../clib/printf.c                         0x00000000   Number         0  _printf_char_file.o ABSOLUTE
    ../clib/printf.c                         0x00000000   Number         0  _printf_char.o ABSOLUTE
    ../clib/printf.c                         0x00000000   Number         0  _printf_intcommon.o ABSOLUTE
    ../clib/printf.c                         0x00000000   Number         0  __printf_ss.o ABSOLUTE
    ../clib/printf.c                         0x00000000   Number         0  _printf_hex_int_ptr.o ABSOLUTE
    ../clib/printf.c                         0x00000000   Number         0  __printf_flags.o ABSOLUTE
    ../clib/printf.c                         0x00000000   Number         0  _printf_hex_int_ll_ptr.o ABSOLUTE
    ../clib/printf.c                         0x00000000   Number         0  __printf_nopercent.o ABSOLUTE
    ../clib/printf_percent.s                 0x00000000   Number         0  _printf_d.o ABSOLUTE
    ../clib/printf_percent.s                 0x00000000   Number         0  _printf_percent_end.o ABSOLUTE
    ../clib/printf_percent.s                 0x00000000   Number         0  _printf_x.o ABSOLUTE
    ../clib/printf_percent.s                 0x00000000   Number         0  _printf_c.o ABSOLUTE
    ../clib/printf_percent.s                 0x00000000   Number         0  _printf_percent.o ABSOLUTE
    ../clib/signal.c                         0x00000000   Number         0  defsig_rtmem_outer.o ABSOLUTE
    ../clib/signal.c                         0x00000000   Number         0  defsig_stak_inner.o ABSOLUTE
    ../clib/signal.c                         0x00000000   Number         0  defsig_pvfn_inner.o ABSOLUTE
    ../clib/signal.c                         0x00000000   Number         0  defsig_cppl_inner.o ABSOLUTE
    ../clib/signal.c                         0x00000000   Number         0  defsig_segv_inner.o ABSOLUTE
    ../clib/signal.c                         0x00000000   Number         0  defsig_rtmem_formal.o ABSOLUTE
    ../clib/signal.c                         0x00000000   Number         0  defsig_other.o ABSOLUTE
    ../clib/signal.c                         0x00000000   Number         0  defsig_rtred_inner.o ABSOLUTE
    ../clib/signal.c                         0x00000000   Number         0  defsig_fpe_inner.o ABSOLUTE
    ../clib/signal.c                         0x00000000   Number         0  defsig_exit.o ABSOLUTE
    ../clib/signal.c                         0x00000000   Number         0  defsig_rtmem_inner.o ABSOLUTE
    ../clib/signal.c                         0x00000000   Number         0  defsig_abrt_inner.o ABSOLUTE
    ../clib/signal.c                         0x00000000   Number         0  __raise.o ABSOLUTE
    ../clib/signal.c                         0x00000000   Number         0  defsig_general.o ABSOLUTE
    ../clib/signal.s                         0x00000000   Number         0  defsig.o ABSOLUTE
    ../clib/stdio.c                          0x00000000   Number         0  ferror.o ABSOLUTE
    ../clib/stdio.c                          0x00000000   Number         0  ferror_locked.o ABSOLUTE
    ../clib/stdlib.c                         0x00000000   Number         0  exit.o ABSOLUTE
    ../clib/string.c                         0x00000000   Number         0  strlen.o ABSOLUTE
    ../clib/string.c                         0x00000000   Number         0  strstr.o ABSOLUTE
    ../clib/string.c                         0x00000000   Number         0  memcmp.o ABSOLUTE
    ../clib/string.c                         0x00000000   Number         0  strcat.o ABSOLUTE
    ../fplib/fpinit.s                        0x00000000   Number         0  fpinit.o ABSOLUTE
    ..\CORE\core_cm3.c                       0x00000000   Number         0  core_cm3.o ABSOLUTE
    ..\CORE\startup_stm32f10x_hd.s           0x00000000   Number         0  startup_stm32f10x_hd.o ABSOLUTE
    ..\GPRS_HANDLE\gprs_handle.c             0x00000000   Number         0  gprs_handle.o ABSOLUTE
    ..\HARDWARE\CRC16\crc16.c                0x00000000   Number         0  crc16.o ABSOLUTE
    ..\HARDWARE\FIFO\fifo.c                  0x00000000   Number         0  fifo.o ABSOLUTE
    ..\HARDWARE\LED\led.c                    0x00000000   Number         0  led.o ABSOLUTE
    ..\HARDWARE\SIM7600CE\sim7600ce.c        0x00000000   Number         0  sim7600ce.o ABSOLUTE
    ..\HARDWARE\SIM7600CE\sim7600ce_connect.c 0x00000000   Number         0  sim7600ce_connect.o ABSOLUTE
    ..\HARDWARE\SIM800A\sim800a.c            0x00000000   Number         0  sim800a.o ABSOLUTE
    ..\HARDWARE\STMFLASH\stmflash.c          0x00000000   Number         0  stmflash.o ABSOLUTE
    ..\IAP\iap.c                             0x00000000   Number         0  iap.o ABSOLUTE
    ..\STM32F10x_FWLib\src\misc.c            0x00000000   Number         0  misc.o ABSOLUTE
    ..\STM32F10x_FWLib\src\stm32f10x_flash.c 0x00000000   Number         0  stm32f10x_flash.o ABSOLUTE
    ..\STM32F10x_FWLib\src\stm32f10x_fsmc.c  0x00000000   Number         0  stm32f10x_fsmc.o ABSOLUTE
    ..\STM32F10x_FWLib\src\stm32f10x_gpio.c  0x00000000   Number         0  stm32f10x_gpio.o ABSOLUTE
    ..\STM32F10x_FWLib\src\stm32f10x_rcc.c   0x00000000   Number         0  stm32f10x_rcc.o ABSOLUTE
    ..\STM32F10x_FWLib\src\stm32f10x_usart.c 0x00000000   Number         0  stm32f10x_usart.o ABSOLUTE
    ..\SYSTEM\delay\delay.c                  0x00000000   Number         0  delay.o ABSOLUTE
    ..\SYSTEM\printf\sysprintf.c             0x00000000   Number         0  sysprintf.o ABSOLUTE
    ..\SYSTEM\printf\xprintf\xprintf.c       0x00000000   Number         0  xprintf.o ABSOLUTE
    ..\SYSTEM\sys\sys.c                      0x00000000   Number         0  sys.o ABSOLUTE
    ..\SYSTEM\usart\usart.c                  0x00000000   Number         0  usart.o ABSOLUTE
    ..\\CORE\\core_cm3.c                     0x00000000   Number         0  core_cm3.o ABSOLUTE
    ..\\SYSTEM\\sys\\sys.c                   0x00000000   Number         0  sys.o ABSOLUTE
    dc.s                                     0x00000000   Number         0  dc.o ABSOLUTE
    main.c                                   0x00000000   Number         0  main.o ABSOLUTE
    stm32f10x_it.c                           0x00000000   Number         0  stm32f10x_it.o ABSOLUTE
    system_stm32f10x.c                       0x00000000   Number         0  system_stm32f10x.o ABSOLUTE
    RESET                                    0x08000000   Section      304  startup_stm32f10x_hd.o(RESET)
    !!!main                                  0x08000130   Section        8  __main.o(!!!main)
    !!!scatter                               0x08000138   Section       52  __scatter.o(!!!scatter)
    !!handler_copy                           0x0800016c   Section       26  __scatter_copy.o(!!handler_copy)
    !!handler_zi                             0x08000188   Section       28  __scatter_zi.o(!!handler_zi)
    .ARM.Collect$$_printf_percent$$00000000  0x080001a4   Section        0  _printf_percent.o(.ARM.Collect$$_printf_percent$$00000000)
    .ARM.Collect$$_printf_percent$$00000009  0x080001a4   Section        6  _printf_d.o(.ARM.Collect$$_printf_percent$$00000009)
    .ARM.Collect$$_printf_percent$$0000000C  0x080001aa   Section        6  _printf_x.o(.ARM.Collect$$_printf_percent$$0000000C)
    .ARM.Collect$$_printf_percent$$00000013  0x080001b0   Section        6  _printf_c.o(.ARM.Collect$$_printf_percent$$00000013)
    .ARM.Collect$$_printf_percent$$00000017  0x080001b6   Section        4  _printf_percent_end.o(.ARM.Collect$$_printf_percent$$00000017)
    .ARM.Collect$$libinit$$00000000          0x080001ba   Section        2  libinit.o(.ARM.Collect$$libinit$$00000000)
    .ARM.Collect$$libinit$$00000002          0x080001bc   Section        0  libinit2.o(.ARM.Collect$$libinit$$00000002)
    .ARM.Collect$$libinit$$00000004          0x080001bc   Section        0  libinit2.o(.ARM.Collect$$libinit$$00000004)
    .ARM.Collect$$libinit$$0000000A          0x080001bc   Section        0  libinit2.o(.ARM.Collect$$libinit$$0000000A)
    .ARM.Collect$$libinit$$0000000C          0x080001bc   Section        0  libinit2.o(.ARM.Collect$$libinit$$0000000C)
    .ARM.Collect$$libinit$$0000000E          0x080001bc   Section        0  libinit2.o(.ARM.Collect$$libinit$$0000000E)
    .ARM.Collect$$libinit$$0000000F          0x080001bc   Section        6  libinit2.o(.ARM.Collect$$libinit$$0000000F)
    .ARM.Collect$$libinit$$00000011          0x080001c2   Section        0  libinit2.o(.ARM.Collect$$libinit$$00000011)
    .ARM.Collect$$libinit$$00000012          0x080001c2   Section       12  libinit2.o(.ARM.Collect$$libinit$$00000012)
    .ARM.Collect$$libinit$$00000013          0x080001ce   Section        0  libinit2.o(.ARM.Collect$$libinit$$00000013)
    .ARM.Collect$$libinit$$00000015          0x080001ce   Section        0  libinit2.o(.ARM.Collect$$libinit$$00000015)
    .ARM.Collect$$libinit$$00000017          0x080001ce   Section        0  libinit2.o(.ARM.Collect$$libinit$$00000017)
    .ARM.Collect$$libinit$$00000019          0x080001ce   Section        0  libinit2.o(.ARM.Collect$$libinit$$00000019)
    .ARM.Collect$$libinit$$0000001B          0x080001ce   Section        0  libinit2.o(.ARM.Collect$$libinit$$0000001B)
    .ARM.Collect$$libinit$$0000001D          0x080001ce   Section        0  libinit2.o(.ARM.Collect$$libinit$$0000001D)
    .ARM.Collect$$libinit$$0000001F          0x080001ce   Section        0  libinit2.o(.ARM.Collect$$libinit$$0000001F)
    .ARM.Collect$$libinit$$00000021          0x080001ce   Section        0  libinit2.o(.ARM.Collect$$libinit$$00000021)
    .ARM.Collect$$libinit$$00000023          0x080001ce   Section        0  libinit2.o(.ARM.Collect$$libinit$$00000023)
    .ARM.Collect$$libinit$$00000025          0x080001ce   Section        0  libinit2.o(.ARM.Collect$$libinit$$00000025)
    .ARM.Collect$$libinit$$0000002C          0x080001ce   Section        0  libinit2.o(.ARM.Collect$$libinit$$0000002C)
    .ARM.Collect$$libinit$$0000002E          0x080001ce   Section        0  libinit2.o(.ARM.Collect$$libinit$$0000002E)
    .ARM.Collect$$libinit$$00000030          0x080001ce   Section        0  libinit2.o(.ARM.Collect$$libinit$$00000030)
    .ARM.Collect$$libinit$$00000032          0x080001ce   Section        0  libinit2.o(.ARM.Collect$$libinit$$00000032)
    .ARM.Collect$$libinit$$00000033          0x080001ce   Section        2  libinit2.o(.ARM.Collect$$libinit$$00000033)
    .ARM.Collect$$libshutdown$$00000000      0x080001d0   Section        2  libshutdown.o(.ARM.Collect$$libshutdown$$00000000)
    .ARM.Collect$$libshutdown$$00000003      0x080001d2   Section        0  libshutdown2.o(.ARM.Collect$$libshutdown$$00000003)
    .ARM.Collect$$libshutdown$$00000006      0x080001d2   Section        0  libshutdown2.o(.ARM.Collect$$libshutdown$$00000006)
    .ARM.Collect$$libshutdown$$00000009      0x080001d2   Section        0  libshutdown2.o(.ARM.Collect$$libshutdown$$00000009)
    .ARM.Collect$$libshutdown$$0000000B      0x080001d2   Section        0  libshutdown2.o(.ARM.Collect$$libshutdown$$0000000B)
    .ARM.Collect$$libshutdown$$0000000E      0x080001d2   Section        0  libshutdown2.o(.ARM.Collect$$libshutdown$$0000000E)
    .ARM.Collect$$libshutdown$$0000000F      0x080001d2   Section        2  libshutdown2.o(.ARM.Collect$$libshutdown$$0000000F)
    .ARM.Collect$$rtentry$$00000000          0x080001d4   Section        0  __rtentry.o(.ARM.Collect$$rtentry$$00000000)
    .ARM.Collect$$rtentry$$00000002          0x080001d4   Section        0  __rtentry2.o(.ARM.Collect$$rtentry$$00000002)
    .ARM.Collect$$rtentry$$00000004          0x080001d4   Section        6  __rtentry4.o(.ARM.Collect$$rtentry$$00000004)
    .ARM.Collect$$rtentry$$00000009          0x080001da   Section        0  __rtentry2.o(.ARM.Collect$$rtentry$$00000009)
    .ARM.Collect$$rtentry$$0000000A          0x080001da   Section        4  __rtentry2.o(.ARM.Collect$$rtentry$$0000000A)
    .ARM.Collect$$rtentry$$0000000C          0x080001de   Section        0  __rtentry2.o(.ARM.Collect$$rtentry$$0000000C)
    .ARM.Collect$$rtentry$$0000000D          0x080001de   Section        8  __rtentry2.o(.ARM.Collect$$rtentry$$0000000D)
    .ARM.Collect$$rtexit$$00000000           0x080001e6   Section        2  rtexit.o(.ARM.Collect$$rtexit$$00000000)
    .ARM.Collect$$rtexit$$00000002           0x080001e8   Section        0  rtexit2.o(.ARM.Collect$$rtexit$$00000002)
    .ARM.Collect$$rtexit$$00000003           0x080001e8   Section        4  rtexit2.o(.ARM.Collect$$rtexit$$00000003)
    .ARM.Collect$$rtexit$$00000004           0x080001ec   Section        6  rtexit2.o(.ARM.Collect$$rtexit$$00000004)
    .emb_text                                0x080001f4   Section       12  sys.o(.emb_text)
    .text                                    0x08000200   Section        0  main.o(.text)
    sim800a_task                             0x08000213   Thumb Code  1558  main.o(.text)
    printf_char                              0x08000935   Thumb Code    32  main.o(.text)
    printf_string                            0x08000c23   Thumb Code    26  main.o(.text)
    .text                                    0x08000c48   Section        0  stm32f10x_it.o(.text)
    .text                                    0x08000c64   Section        0  system_stm32f10x.o(.text)
    SetSysClockTo72                          0x08000c65   Thumb Code   214  system_stm32f10x.o(.text)
    SetSysClock                              0x08000d3b   Thumb Code     8  system_stm32f10x.o(.text)
    .text                                    0x08000e44   Section        0  led.o(.text)
    .text                                    0x08000eb8   Section        0  stmflash.o(.text)
    .text                                    0x08000ffc   Section        0  sim800a.o(.text)
    printf_char                              0x08000ffd   Thumb Code    32  sim800a.o(.text)
    sim800a_send_cmd                         0x08001033   Thumb Code    56  sim800a.o(.text)
    gprsCodeGetOut0xla                       0x0800114b   Thumb Code   124  sim800a.o(.text)
    .text                                    0x080013b0   Section        0  crc16.o(.text)
    .text                                    0x080013e8   Section        0  sim7600ce.o(.text)
    sim7600ce_send_cmd                       0x080013ff   Thumb Code    48  sim7600ce.o(.text)
    gprsCodeGetOut0xla                       0x080016eb   Thumb Code   124  sim7600ce.o(.text)
    .text                                    0x080018dc   Section        0  sim7600ce_connect.o(.text)
    get_gprs_num                             0x08001c93   Thumb Code   190  sim7600ce_connect.o(.text)
    check_string                             0x08001d51   Thumb Code    66  sim7600ce_connect.o(.text)
    .text                                    0x08001fcc   Section        0  fifo.o(.text)
    .text                                    0x08002134   Section        0  gprs_handle.o(.text)
    .text                                    0x080021bc   Section        0  delay.o(.text)
    .text                                    0x08002290   Section        0  usart.o(.text)
    .text                                    0x0800253c   Section        0  sysprintf.o(.text)
    .text                                    0x08002720   Section        0  xprintf.o(.text)
    .text                                    0x08002c28   Section       64  startup_stm32f10x_hd.o(.text)
    .text                                    0x08002c68   Section        0  misc.o(.text)
    .text                                    0x08002d44   Section        0  stm32f10x_gpio.o(.text)
    .text                                    0x080030a0   Section        0  stm32f10x_rcc.o(.text)
    .text                                    0x08003444   Section        0  stm32f10x_usart.o(.text)
    .text                                    0x0800384c   Section        0  stm32f10x_flash.o(.text)
    .text                                    0x08003e08   Section        0  iap.o(.text)
    .text                                    0x08003eac   Section        2  use_no_semi_2.o(.text)
    .text                                    0x08003eb0   Section       16  rt_ctype_table.o(.text)
    .text                                    0x08003ec0   Section        0  toupper.o(.text)
    .text                                    0x08003ee0   Section        0  noretval__2printf.o(.text)
    .text                                    0x08003ef8   Section        0  __printf.o(.text)
    .text                                    0x08003f60   Section        0  _printf_str.o(.text)
    .text                                    0x08003fb4   Section        0  _printf_dec.o(.text)
    .text                                    0x0800402c   Section        0  _printf_hex_int.o(.text)
    .text                                    0x08004084   Section        0  strstr.o(.text)
    .text                                    0x080040a8   Section        0  memcmp.o(.text)
    .text                                    0x08004100   Section        0  strlen.o(.text)
    .text                                    0x0800413e   Section        0  strcat.o(.text)
    .text                                    0x08004156   Section      138  rt_memcpy_v6.o(.text)
    .text                                    0x080041e0   Section      100  rt_memcpy_w.o(.text)
    .text                                    0x08004244   Section       78  rt_memclr_w.o(.text)
    .text                                    0x08004292   Section        0  heapauxi.o(.text)
    .text                                    0x08004298   Section        2  use_no_semi.o(.text)
    .text                                    0x0800429c   Section        8  rt_locale_intlibspace.o(.text)
    .text                                    0x080042a4   Section        0  _printf_intcommon.o(.text)
    .text                                    0x08004356   Section        0  _printf_char.o(.text)
    .text                                    0x08004384   Section        0  _printf_char_file.o(.text)
    .text                                    0x080043a8   Section        8  libspace.o(.text)
    .text                                    0x080043b0   Section        0  _printf_char_common.o(.text)
    _printf_input_char                       0x080043b1   Thumb Code    10  _printf_char_common.o(.text)
    .text                                    0x080043e0   Section        0  ferror.o(.text)
    .text                                    0x080043e8   Section      128  strcmpv7m.o(.text)
    .text                                    0x08004468   Section       74  sys_stackheap_outer.o(.text)
    .text                                    0x080044b2   Section        0  exit.o(.text)
    locale$$code                             0x080044c0   Section       44  lc_ctype_c.o(locale$$code)
    .constdata                               0x080044ec   Section       21  main.o(.constdata)
    .constdata                               0x08004501   Section        4  sim800a.o(.constdata)
    double_quote                             0x08004501   Data           2  sim800a.o(.constdata)
    comma                                    0x08004503   Data           2  sim800a.o(.constdata)
    .constdata                               0x08004505   Section      512  crc16.o(.constdata)
    aucCRCHi                                 0x08004505   Data         256  crc16.o(.constdata)
    aucCRCLo                                 0x08004605   Data         256  crc16.o(.constdata)
    .constdata                               0x08004705   Section        4  sim7600ce.o(.constdata)
    double_quote                             0x08004705   Data           2  sim7600ce.o(.constdata)
    comma                                    0x08004707   Data           2  sim7600ce.o(.constdata)
    .constdata                               0x08004709   Section       21  sim7600ce_connect.o(.constdata)
    UDP_local_port                           0x08004709   Data           5  sim7600ce_connect.o(.constdata)
    UDP_ipv4_addr                            0x0800470e   Data          16  sim7600ce_connect.o(.constdata)
    .constdata                               0x0800471e   Section       40  _printf_hex_int.o(.constdata)
    uc_hextab                                0x0800471e   Data          20  _printf_hex_int.o(.constdata)
    lc_hextab                                0x08004732   Data          20  _printf_hex_int.o(.constdata)
    locale$$data                             0x08004768   Section      272  lc_ctype_c.o(locale$$data)
    __lcctype_c_name                         0x0800476c   Data           2  lc_ctype_c.o(locale$$data)
    __lcctype_c_start                        0x08004774   Data           0  lc_ctype_c.o(locale$$data)
    __lcctype_c_end                          0x08004878   Data           0  lc_ctype_c.o(locale$$data)
    .data                                    0x20000000   Section       28  main.o(.data)
    host_mac                                 0x20000000   Data           4  main.o(.data)
    update_count                             0x20000004   Data           1  main.o(.data)
    FLASH1_UPDATE                            0x20000006   Data           2  main.o(.data)
    FLASH2_UPDATE                            0x20000008   Data           2  main.o(.data)
    flash_flag                               0x2000000a   Data           2  main.o(.data)
    update_max_count                         0x2000000c   Data           1  main.o(.data)
    software_versioning                      0x2000000d   Data           4  main.o(.data)
    connetion_state                          0x20000011   Data           1  main.o(.data)
    seq                                      0x20000012   Data           1  main.o(.data)
    update_date_len                          0x20000014   Data           2  main.o(.data)
    update_packet_count                      0x20000016   Data           2  main.o(.data)
    heart_time_count                         0x20000018   Data           1  main.o(.data)
    rx_buf_no_clean_flag                     0x20000019   Data           1  main.o(.data)
    rx_buf_count                             0x2000001a   Data           1  main.o(.data)
    first_send_flag                          0x2000001b   Data           1  main.o(.data)
    .data                                    0x2000001c   Section       20  system_stm32f10x.o(.data)
    .data                                    0x20000030   Section        2  sim7600ce.o(.data)
    .data                                    0x20000032   Section        3  sim7600ce_connect.o(.data)
    open_flag                                0x20000032   Data           1  sim7600ce_connect.o(.data)
    send_ready_flag                          0x20000033   Data           1  sim7600ce_connect.o(.data)
    create_buf_flag                          0x20000034   Data           1  sim7600ce_connect.o(.data)
    .data                                    0x20000036   Section        2  gprs_handle.o(.data)
    nFrameL                                  0x20000036   Data           2  gprs_handle.o(.data)
    .data                                    0x20000038   Section        4  delay.o(.data)
    fac_us                                   0x20000038   Data           1  delay.o(.data)
    fac_ms                                   0x2000003a   Data           2  delay.o(.data)
    .data                                    0x2000003c   Section       12  usart.o(.data)
    .data                                    0x20000048   Section        1  sysprintf.o(.data)
    g_nDebufLevel                            0x20000048   Data           1  sysprintf.o(.data)
    .data                                    0x2000004c   Section       12  xprintf.o(.data)
    outptr                                   0x20000050   Data           4  xprintf.o(.data)
    .data                                    0x20000058   Section       20  stm32f10x_rcc.o(.data)
    APBAHBPrescTable                         0x20000058   Data          16  stm32f10x_rcc.o(.data)
    ADCPrescTable                            0x20000068   Data           4  stm32f10x_rcc.o(.data)
    .data                                    0x2000006c   Section        4  iap.o(.data)
    .bss                                     0x20000070   Section     3039  main.o(.bss)
    rx_buf                                   0x20000070   Data        2000  main.o(.bss)
    send_ack_buf                             0x20000840   Data          30  main.o(.bss)
    send_end_ack_buf                         0x2000085e   Data           9  main.o(.bss)
    rx_buf_get                               0x20000867   Data        1000  main.o(.bss)
    .bss                                     0x20000c4f   Section      314  sim7600ce.o(.bss)
    sim7600ce_send_buff                      0x20000c4f   Data          64  sim7600ce.o(.bss)
    send_cmd_buffer                          0x20000c8f   Data          50  sim7600ce.o(.bss)
    sim7600ce_send_buf                       0x20000cc1   Data         200  sim7600ce.o(.bss)
    .bss                                     0x20000d8c   Section       96  libspace.o(.bss)
    HEAP                                     0x20000df0   Section      512  startup_stm32f10x_hd.o(HEAP)
    Heap_Mem                                 0x20000df0   Data         512  startup_stm32f10x_hd.o(HEAP)
    .ARM.__AT_0x20001000                     0x20001000   Section     1024  usart.o(.ARM.__AT_0x20001000)
    .bss                                     0x20001400   Section     2048  stmflash.o(.bss)
    .bss                                     0x20001c00   Section     2068  sim7600ce_connect.o(.bss)
    buffer                                   0x20002014   Data        1024  sim7600ce_connect.o(.bss)
    .bss                                     0x20002414   Section     1024  usart.o(.bss)
    .bss                                     0x20002814   Section     2048  iap.o(.bss)
    STACK                                    0x20003018   Section     1024  startup_stm32f10x_hd.o(STACK)
    Stack_Mem                                0x20003018   Data        1024  startup_stm32f10x_hd.o(STACK)
    __initial_sp                             0x20003418   Data           0  startup_stm32f10x_hd.o(STACK)

    Global Symbols

    Symbol Name                              Value     Ov Type        Size  Object(Section)

    BuildAttributes$$THM_ISAv4$P$D$K$B$S$PE$A:L22UL41UL21$X:L11$S22US41US21$IEEE1$IW$USESV6$~STKCKD$USESV7$~SHL$OSPACE$ROPI$EBA8$UX$STANDARDLIB$REQ8$PRES8$EABIv2 0x00000000   Number         0  anon$$obj.o ABSOLUTE
    __ARM_use_no_argv                        0x00000000   Number         0  main.o ABSOLUTE
    __ARM_exceptions_init                     - Undefined Weak Reference
    __alloca_initialize                       - Undefined Weak Reference
    __arm_preinit_                            - Undefined Weak Reference
    __cpp_initialize__aeabi_                  - Undefined Weak Reference
    __cxa_finalize                            - Undefined Weak Reference
    __sigvec_lookup                           - Undefined Weak Reference
    _atexit_init                              - Undefined Weak Reference
    _call_atexit_fns                          - Undefined Weak Reference
    _clock_init                               - Undefined Weak Reference
    _fp_trap_init                             - Undefined Weak Reference
    _fp_trap_shutdown                         - Undefined Weak Reference
    _get_lc_collate                           - Undefined Weak Reference
    _get_lc_monetary                          - Undefined Weak Reference
    _get_lc_numeric                           - Undefined Weak Reference
    _get_lc_time                              - Undefined Weak Reference
    _getenv_init                              - Undefined Weak Reference
    _handle_redirection                       - Undefined Weak Reference
    _init_alloc                               - Undefined Weak Reference
    _init_user_alloc                          - Undefined Weak Reference
    _initio                                   - Undefined Weak Reference
    _mutex_acquire                            - Undefined Weak Reference
    _mutex_release                            - Undefined Weak Reference
    _printf_mbtowc                            - Undefined Weak Reference
    _printf_post_padding                      - Undefined Weak Reference
    _printf_pre_padding                       - Undefined Weak Reference
    _printf_truncate_signed                   - Undefined Weak Reference
    _printf_truncate_unsigned                 - Undefined Weak Reference
    _rand_init                                - Undefined Weak Reference
    _signal_finish                            - Undefined Weak Reference
    _signal_init                              - Undefined Weak Reference
    _terminate_alloc                          - Undefined Weak Reference
    _terminate_user_alloc                     - Undefined Weak Reference
    _terminateio                              - Undefined Weak Reference
    __Vectors_Size                           0x00000130   Number         0  startup_stm32f10x_hd.o ABSOLUTE
    __Vectors                                0x08000000   Data           4  startup_stm32f10x_hd.o(RESET)
    __Vectors_End                            0x08000130   Data           0  startup_stm32f10x_hd.o(RESET)
    __main                                   0x08000131   Thumb Code     8  __main.o(!!!main)
    __scatterload                            0x08000139   Thumb Code     0  __scatter.o(!!!scatter)
    __scatterload_rt2                        0x08000139   Thumb Code    44  __scatter.o(!!!scatter)
    __scatterload_rt2_thumb_only             0x08000139   Thumb Code     0  __scatter.o(!!!scatter)
    __scatterload_null                       0x08000147   Thumb Code     0  __scatter.o(!!!scatter)
    __scatterload_copy                       0x0800016d   Thumb Code    26  __scatter_copy.o(!!handler_copy)
    __scatterload_zeroinit                   0x08000189   Thumb Code    28  __scatter_zi.o(!!handler_zi)
    _printf_d                                0x080001a5   Thumb Code     0  _printf_d.o(.ARM.Collect$$_printf_percent$$00000009)
    _printf_percent                          0x080001a5   Thumb Code     0  _printf_percent.o(.ARM.Collect$$_printf_percent$$00000000)
    _printf_x                                0x080001ab   Thumb Code     0  _printf_x.o(.ARM.Collect$$_printf_percent$$0000000C)
    _printf_c                                0x080001b1   Thumb Code     0  _printf_c.o(.ARM.Collect$$_printf_percent$$00000013)
    _printf_percent_end                      0x080001b7   Thumb Code     0  _printf_percent_end.o(.ARM.Collect$$_printf_percent$$00000017)
    __rt_lib_init                            0x080001bb   Thumb Code     0  libinit.o(.ARM.Collect$$libinit$$00000000)
    __rt_lib_init_fp_1                       0x080001bd   Thumb Code     0  libinit2.o(.ARM.Collect$$libinit$$00000002)
    __rt_lib_init_heap_1                     0x080001bd   Thumb Code     0  libinit2.o(.ARM.Collect$$libinit$$0000000A)
    __rt_lib_init_lc_common                  0x080001bd   Thumb Code     0  libinit2.o(.ARM.Collect$$libinit$$0000000F)
    __rt_lib_init_preinit_1                  0x080001bd   Thumb Code     0  libinit2.o(.ARM.Collect$$libinit$$00000004)
    __rt_lib_init_rand_1                     0x080001bd   Thumb Code     0  libinit2.o(.ARM.Collect$$libinit$$0000000E)
    __rt_lib_init_user_alloc_1               0x080001bd   Thumb Code     0  libinit2.o(.ARM.Collect$$libinit$$0000000C)
    __rt_lib_init_lc_collate_1               0x080001c3   Thumb Code     0  libinit2.o(.ARM.Collect$$libinit$$00000011)
    __rt_lib_init_lc_ctype_2                 0x080001c3   Thumb Code     0  libinit2.o(.ARM.Collect$$libinit$$00000012)
    __rt_lib_init_alloca_1                   0x080001cf   Thumb Code     0  libinit2.o(.ARM.Collect$$libinit$$0000002E)
    __rt_lib_init_argv_1                     0x080001cf   Thumb Code     0  libinit2.o(.ARM.Collect$$libinit$$0000002C)
    __rt_lib_init_atexit_1                   0x080001cf   Thumb Code     0  libinit2.o(.ARM.Collect$$libinit$$0000001B)
    __rt_lib_init_clock_1                    0x080001cf   Thumb Code     0  libinit2.o(.ARM.Collect$$libinit$$00000021)
    __rt_lib_init_cpp_1                      0x080001cf   Thumb Code     0  libinit2.o(.ARM.Collect$$libinit$$00000032)
    __rt_lib_init_exceptions_1               0x080001cf   Thumb Code     0  libinit2.o(.ARM.Collect$$libinit$$00000030)
    __rt_lib_init_fp_trap_1                  0x080001cf   Thumb Code     0  libinit2.o(.ARM.Collect$$libinit$$0000001F)
    __rt_lib_init_getenv_1                   0x080001cf   Thumb Code     0  libinit2.o(.ARM.Collect$$libinit$$00000023)
    __rt_lib_init_lc_ctype_1                 0x080001cf   Thumb Code     0  libinit2.o(.ARM.Collect$$libinit$$00000013)
    __rt_lib_init_lc_monetary_1              0x080001cf   Thumb Code     0  libinit2.o(.ARM.Collect$$libinit$$00000015)
    __rt_lib_init_lc_numeric_1               0x080001cf   Thumb Code     0  libinit2.o(.ARM.Collect$$libinit$$00000017)
    __rt_lib_init_lc_time_1                  0x080001cf   Thumb Code     0  libinit2.o(.ARM.Collect$$libinit$$00000019)
    __rt_lib_init_return                     0x080001cf   Thumb Code     0  libinit2.o(.ARM.Collect$$libinit$$00000033)
    __rt_lib_init_signal_1                   0x080001cf   Thumb Code     0  libinit2.o(.ARM.Collect$$libinit$$0000001D)
    __rt_lib_init_stdio_1                    0x080001cf   Thumb Code     0  libinit2.o(.ARM.Collect$$libinit$$00000025)
    __rt_lib_shutdown                        0x080001d1   Thumb Code     0  libshutdown.o(.ARM.Collect$$libshutdown$$00000000)
    __rt_lib_shutdown_fp_trap_1              0x080001d3   Thumb Code     0  libshutdown2.o(.ARM.Collect$$libshutdown$$00000006)
    __rt_lib_shutdown_heap_1                 0x080001d3   Thumb Code     0  libshutdown2.o(.ARM.Collect$$libshutdown$$0000000E)
    __rt_lib_shutdown_return                 0x080001d3   Thumb Code     0  libshutdown2.o(.ARM.Collect$$libshutdown$$0000000F)
    __rt_lib_shutdown_signal_1               0x080001d3   Thumb Code     0  libshutdown2.o(.ARM.Collect$$libshutdown$$00000009)
    __rt_lib_shutdown_stdio_1                0x080001d3   Thumb Code     0  libshutdown2.o(.ARM.Collect$$libshutdown$$00000003)
    __rt_lib_shutdown_user_alloc_1           0x080001d3   Thumb Code     0  libshutdown2.o(.ARM.Collect$$libshutdown$$0000000B)
    __rt_entry                               0x080001d5   Thumb Code     0  __rtentry.o(.ARM.Collect$$rtentry$$00000000)
    __rt_entry_presh_1                       0x080001d5   Thumb Code     0  __rtentry2.o(.ARM.Collect$$rtentry$$00000002)
    __rt_entry_sh                            0x080001d5   Thumb Code     0  __rtentry4.o(.ARM.Collect$$rtentry$$00000004)
    __rt_entry_li                            0x080001db   Thumb Code     0  __rtentry2.o(.ARM.Collect$$rtentry$$0000000A)
    __rt_entry_postsh_1                      0x080001db   Thumb Code     0  __rtentry2.o(.ARM.Collect$$rtentry$$00000009)
    __rt_entry_main                          0x080001df   Thumb Code     0  __rtentry2.o(.ARM.Collect$$rtentry$$0000000D)
    __rt_entry_postli_1                      0x080001df   Thumb Code     0  __rtentry2.o(.ARM.Collect$$rtentry$$0000000C)
    __rt_exit                                0x080001e7   Thumb Code     0  rtexit.o(.ARM.Collect$$rtexit$$00000000)
    __rt_exit_ls                             0x080001e9   Thumb Code     0  rtexit2.o(.ARM.Collect$$rtexit$$00000003)
    __rt_exit_prels_1                        0x080001e9   Thumb Code     0  rtexit2.o(.ARM.Collect$$rtexit$$00000002)
    __rt_exit_exit                           0x080001ed   Thumb Code     0  rtexit2.o(.ARM.Collect$$rtexit$$00000004)
    WFI_SET                                  0x080001f5   Thumb Code     2  sys.o(.emb_text)
    INTX_DISABLE                             0x080001f7   Thumb Code     2  sys.o(.emb_text)
    INTX_ENABLE                              0x080001f9   Thumb Code     2  sys.o(.emb_text)
    MSR_MSP                                  0x080001fb   Thumb Code     6  sys.o(.emb_text)
    sim800a_UDP_send                         0x08000201   Thumb Code    18  main.o(.text)
    main                                     0x08000829   Thumb Code   268  main.o(.text)
    sim800a_creat_network_connetion          0x08000955   Thumb Code   718  main.o(.text)
    NMI_Handler                              0x08000c49   Thumb Code     2  stm32f10x_it.o(.text)
    HardFault_Handler                        0x08000c4b   Thumb Code     4  stm32f10x_it.o(.text)
    MemManage_Handler                        0x08000c4f   Thumb Code     4  stm32f10x_it.o(.text)
    BusFault_Handler                         0x08000c53   Thumb Code     4  stm32f10x_it.o(.text)
    UsageFault_Handler                       0x08000c57   Thumb Code     4  stm32f10x_it.o(.text)
    SVC_Handler                              0x08000c5b   Thumb Code     2  stm32f10x_it.o(.text)
    DebugMon_Handler                         0x08000c5d   Thumb Code     2  stm32f10x_it.o(.text)
    PendSV_Handler                           0x08000c5f   Thumb Code     2  stm32f10x_it.o(.text)
    SysTick_Handler                          0x08000c61   Thumb Code     2  stm32f10x_it.o(.text)
    SystemInit                               0x08000d43   Thumb Code    78  system_stm32f10x.o(.text)
    SystemCoreClockUpdate                    0x08000d91   Thumb Code   142  system_stm32f10x.o(.text)
    LED_Init                                 0x08000e45   Thumb Code   102  led.o(.text)
    STMFLASH_ReadHalfWord                    0x08000eb9   Thumb Code     6  stmflash.o(.text)
    STMFLASH_Write_NoCheck                   0x08000ebf   Thumb Code    38  stmflash.o(.text)
    STMFLASH_Read                            0x08000ee5   Thumb Code    34  stmflash.o(.text)
    STMFLASH_Write                           0x08000f07   Thumb Code   222  stmflash.o(.text)
    Test_Write                               0x08000fe5   Thumb Code    16  stmflash.o(.text)
    sim800a_rec_check                        0x0800101d   Thumb Code    22  sim800a.o(.text)
    sim800a_check_GPRS_state                 0x0800106b   Thumb Code    28  sim800a.o(.text)
    sim800a_start_task                       0x08001087   Thumb Code    28  sim800a.o(.text)
    sim800a_bring_up_connection              0x080010a3   Thumb Code    28  sim800a.o(.text)
    sim800a_get_ip                           0x080010bf   Thumb Code    28  sim800a.o(.text)
    sim800a_configure_server_settings        0x080010db   Thumb Code   112  sim800a.o(.text)
    sim800a_send_data                        0x080011c7   Thumb Code   122  sim800a.o(.text)
    sim800a_UDP_close                        0x08001241   Thumb Code    28  sim800a.o(.text)
    sim800a_net_close                        0x0800125d   Thumb Code    28  sim800a.o(.text)
    gprsDecodeFrame                          0x08001279   Thumb Code   152  sim800a.o(.text)
    crc16                                    0x080013b1   Thumb Code    48  crc16.o(.text)
    sim7600ce_rec_check                      0x080013e9   Thumb Code    22  sim7600ce.o(.text)
    sim7600ce_check_cmd                      0x0800142f   Thumb Code    26  sim7600ce.o(.text)
    sim7600ce_request_PIN                    0x08001449   Thumb Code    28  sim7600ce.o(.text)
    sim7600ce_query_singal_quality           0x08001465   Thumb Code    28  sim7600ce.o(.text)
    sim7600ce_query_net_status               0x08001481   Thumb Code    28  sim7600ce.o(.text)
    sim7600ce_query_version                  0x0800149d   Thumb Code    28  sim7600ce.o(.text)
    sim7600ce_query_preferred_mode           0x080014b9   Thumb Code    28  sim7600ce.o(.text)
    sim7600ce_inquiring_ue_system            0x080014d5   Thumb Code    28  sim7600ce.o(.text)
    sim7600ce_select_operator                0x080014f1   Thumb Code    88  sim7600ce.o(.text)
    sim7600ce_set_active_PDP                 0x08001549   Thumb Code    28  sim7600ce.o(.text)
    sim7600ce_select_app_mode                0x08001565   Thumb Code    28  sim7600ce.o(.text)
    sim7600ce_open_socket                    0x08001581   Thumb Code    28  sim7600ce.o(.text)
    sim7600ce_inquire_ip                     0x0800159d   Thumb Code    28  sim7600ce.o(.text)
    sim7600ce_configure_server_settings      0x080015b9   Thumb Code   192  sim7600ce.o(.text)
    sim7600ce_send_data_cmd                  0x08001679   Thumb Code   114  sim7600ce.o(.text)
    sim7600ce_send_data                      0x08001767   Thumb Code    72  sim7600ce.o(.text)
    net_connect                              0x080018dd   Thumb Code   950  sim7600ce_connect.o(.text)
    net_send                                 0x08001d93   Thumb Code   364  sim7600ce_connect.o(.text)
    GPRS_PIN_init                            0x08001eff   Thumb Code    86  sim7600ce_connect.o(.text)
    GPRS_init                                0x08001f55   Thumb Code     8  sim7600ce_connect.o(.text)
    GPRS_RESET_RESET_PIN                     0x08001f5d   Thumb Code    14  sim7600ce_connect.o(.text)
    GPRS_SET_RESET_PIN                       0x08001f6b   Thumb Code    14  sim7600ce_connect.o(.text)
    GPRS_reset                               0x08001f79   Thumb Code    20  sim7600ce_connect.o(.text)
    fifo_Create                              0x08001fcd   Thumb Code    14  fifo.o(.text)
    fifo_ISEmpty                             0x08001fdb   Thumb Code    14  fifo.o(.text)
    fifo_cleanEmpty                          0x08001fe9   Thumb Code    10  fifo.o(.text)
    fifo_IsFull                              0x08001ff3   Thumb Code    18  fifo.o(.text)
    fifo_HaveSpace                           0x08002005   Thumb Code    40  fifo.o(.text)
    fifo_Enqueue                             0x0800202d   Thumb Code   120  fifo.o(.text)
    fifo_Dequeue                             0x080020a5   Thumb Code   132  fifo.o(.text)
    get_fifo_used_length                     0x08002129   Thumb Code     6  fifo.o(.text)
    get_fifo_length                          0x0800212f   Thumb Code     6  fifo.o(.text)
    gprs_send_data_packet                    0x08002135   Thumb Code   132  gprs_handle.o(.text)
    delay_init                               0x080021bd   Thumb Code    50  delay.o(.text)
    delay_us                                 0x080021ef   Thumb Code    72  delay.o(.text)
    delay_ms                                 0x08002237   Thumb Code    72  delay.o(.text)
    _sys_exit                                0x08002291   Thumb Code     6  usart.o(.text)
    fputc                                    0x08002297   Thumb Code    24  usart.o(.text)
    USART1_IRQHandler                        0x080022af   Thumb Code    52  usart.o(.text)
    uart_init                                0x080022e3   Thumb Code   152  usart.o(.text)
    uart4_init                               0x0800237b   Thumb Code   160  usart.o(.text)
    UART4_IRQHandler                         0x0800241b   Thumb Code    72  usart.o(.text)
    USART_SendData8                          0x08002463   Thumb Code     4  usart.o(.text)
    USART4_send                              0x08002467   Thumb Code    40  usart.o(.text)
    usart4_rx_buffer_get                     0x0800248f   Thumb Code    12  usart.o(.text)
    usart4_rx_buffer_clean                   0x0800249b   Thumb Code    42  usart.o(.text)
    dbg_send_char                            0x080024c5   Thumb Code    26  usart.o(.text)
    dbg_get_key                              0x080024df   Thumb Code    26  usart.o(.text)
    dgg_uart_putc                            0x080024f9   Thumb Code    26  usart.o(.text)
    mem_cmp                                  0x0800253d   Thumb Code    38  sysprintf.o(.text)
    strcmp_ex                                0x08002563   Thumb Code    50  sysprintf.o(.text)
    get_gdbLevel                             0x08002595   Thumb Code     4  sysprintf.o(.text)
    __xstd_printf                            0x08002599   Thumb Code    46  sysprintf.o(.text)
    __xstd_dump                              0x080025c7   Thumb Code   274  sysprintf.o(.text)
    sysPrintExp                              0x080026d9   Thumb Code    14  sysprintf.o(.text)
    xputc                                    0x08002721   Thumb Code    56  xprintf.o(.text)
    xputs                                    0x08002759   Thumb Code    22  xprintf.o(.text)
    xfputs                                   0x0800276f   Thumb Code    34  xprintf.o(.text)
    xvprintf                                 0x08002791   Thumb Code   530  xprintf.o(.text)
    xprintf                                  0x080029a3   Thumb Code    26  xprintf.o(.text)
    xsprintf                                 0x080029bd   Thumb Code    42  xprintf.o(.text)
    xfprintf                                 0x080029e7   Thumb Code    38  xprintf.o(.text)
    put_dump                                 0x08002a0d   Thumb Code   158  xprintf.o(.text)
    xgets                                    0x08002aab   Thumb Code   146  xprintf.o(.text)
    xfgets                                   0x08002b3d   Thumb Code    36  xprintf.o(.text)
    xatoi                                    0x08002b61   Thumb Code   196  xprintf.o(.text)
    Reset_Handler                            0x08002c29   Thumb Code     8  startup_stm32f10x_hd.o(.text)
    ADC1_2_IRQHandler                        0x08002c43   Thumb Code     0  startup_stm32f10x_hd.o(.text)
    ADC3_IRQHandler                          0x08002c43   Thumb Code     0  startup_stm32f10x_hd.o(.text)
    CAN1_RX1_IRQHandler                      0x08002c43   Thumb Code     0  startup_stm32f10x_hd.o(.text)
    CAN1_SCE_IRQHandler                      0x08002c43   Thumb Code     0  startup_stm32f10x_hd.o(.text)
    DMA1_Channel1_IRQHandler                 0x08002c43   Thumb Code     0  startup_stm32f10x_hd.o(.text)
    DMA1_Channel2_IRQHandler                 0x08002c43   Thumb Code     0  startup_stm32f10x_hd.o(.text)
    DMA1_Channel3_IRQHandler                 0x08002c43   Thumb Code     0  startup_stm32f10x_hd.o(.text)
    DMA1_Channel4_IRQHandler                 0x08002c43   Thumb Code     0  startup_stm32f10x_hd.o(.text)
    DMA1_Channel5_IRQHandler                 0x08002c43   Thumb Code     0  startup_stm32f10x_hd.o(.text)
    DMA1_Channel6_IRQHandler                 0x08002c43   Thumb Code     0  startup_stm32f10x_hd.o(.text)
    DMA1_Channel7_IRQHandler                 0x08002c43   Thumb Code     0  startup_stm32f10x_hd.o(.text)
    DMA2_Channel1_IRQHandler                 0x08002c43   Thumb Code     0  startup_stm32f10x_hd.o(.text)
    DMA2_Channel2_IRQHandler                 0x08002c43   Thumb Code     0  startup_stm32f10x_hd.o(.text)
    DMA2_Channel3_IRQHandler                 0x08002c43   Thumb Code     0  startup_stm32f10x_hd.o(.text)
    DMA2_Channel4_5_IRQHandler               0x08002c43   Thumb Code     0  startup_stm32f10x_hd.o(.text)
    EXTI0_IRQHandler                         0x08002c43   Thumb Code     0  startup_stm32f10x_hd.o(.text)
    EXTI15_10_IRQHandler                     0x08002c43   Thumb Code     0  startup_stm32f10x_hd.o(.text)
    EXTI1_IRQHandler                         0x08002c43   Thumb Code     0  startup_stm32f10x_hd.o(.text)
    EXTI2_IRQHandler                         0x08002c43   Thumb Code     0  startup_stm32f10x_hd.o(.text)
    EXTI3_IRQHandler                         0x08002c43   Thumb Code     0  startup_stm32f10x_hd.o(.text)
    EXTI4_IRQHandler                         0x08002c43   Thumb Code     0  startup_stm32f10x_hd.o(.text)
    EXTI9_5_IRQHandler                       0x08002c43   Thumb Code     0  startup_stm32f10x_hd.o(.text)
    FLASH_IRQHandler                         0x08002c43   Thumb Code     0  startup_stm32f10x_hd.o(.text)
    FSMC_IRQHandler                          0x08002c43   Thumb Code     0  startup_stm32f10x_hd.o(.text)
    I2C1_ER_IRQHandler                       0x08002c43   Thumb Code     0  startup_stm32f10x_hd.o(.text)
    I2C1_EV_IRQHandler                       0x08002c43   Thumb Code     0  startup_stm32f10x_hd.o(.text)
    I2C2_ER_IRQHandler                       0x08002c43   Thumb Code     0  startup_stm32f10x_hd.o(.text)
    I2C2_EV_IRQHandler                       0x08002c43   Thumb Code     0  startup_stm32f10x_hd.o(.text)
    PVD_IRQHandler                           0x08002c43   Thumb Code     0  startup_stm32f10x_hd.o(.text)
    RCC_IRQHandler                           0x08002c43   Thumb Code     0  startup_stm32f10x_hd.o(.text)
    RTCAlarm_IRQHandler                      0x08002c43   Thumb Code     0  startup_stm32f10x_hd.o(.text)
    RTC_IRQHandler                           0x08002c43   Thumb Code     0  startup_stm32f10x_hd.o(.text)
    SDIO_IRQHandler                          0x08002c43   Thumb Code     0  startup_stm32f10x_hd.o(.text)
    SPI1_IRQHandler                          0x08002c43   Thumb Code     0  startup_stm32f10x_hd.o(.text)
    SPI2_IRQHandler                          0x08002c43   Thumb Code     0  startup_stm32f10x_hd.o(.text)
    SPI3_IRQHandler                          0x08002c43   Thumb Code     0  startup_stm32f10x_hd.o(.text)
    TAMPER_IRQHandler                        0x08002c43   Thumb Code     0  startup_stm32f10x_hd.o(.text)
    TIM1_BRK_IRQHandler                      0x08002c43   Thumb Code     0  startup_stm32f10x_hd.o(.text)
    TIM1_CC_IRQHandler                       0x08002c43   Thumb Code     0  startup_stm32f10x_hd.o(.text)
    TIM1_TRG_COM_IRQHandler                  0x08002c43   Thumb Code     0  startup_stm32f10x_hd.o(.text)
    TIM1_UP_IRQHandler                       0x08002c43   Thumb Code     0  startup_stm32f10x_hd.o(.text)
    TIM2_IRQHandler                          0x08002c43   Thumb Code     0  startup_stm32f10x_hd.o(.text)
    TIM3_IRQHandler                          0x08002c43   Thumb Code     0  startup_stm32f10x_hd.o(.text)
    TIM4_IRQHandler                          0x08002c43   Thumb Code     0  startup_stm32f10x_hd.o(.text)
    TIM5_IRQHandler                          0x08002c43   Thumb Code     0  startup_stm32f10x_hd.o(.text)
    TIM6_IRQHandler                          0x08002c43   Thumb Code     0  startup_stm32f10x_hd.o(.text)
    TIM7_IRQHandler                          0x08002c43   Thumb Code     0  startup_stm32f10x_hd.o(.text)
    TIM8_BRK_IRQHandler                      0x08002c43   Thumb Code     0  startup_stm32f10x_hd.o(.text)
    TIM8_CC_IRQHandler                       0x08002c43   Thumb Code     0  startup_stm32f10x_hd.o(.text)
    TIM8_TRG_COM_IRQHandler                  0x08002c43   Thumb Code     0  startup_stm32f10x_hd.o(.text)
    TIM8_UP_IRQHandler                       0x08002c43   Thumb Code     0  startup_stm32f10x_hd.o(.text)
    UART5_IRQHandler                         0x08002c43   Thumb Code     0  startup_stm32f10x_hd.o(.text)
    USART2_IRQHandler                        0x08002c43   Thumb Code     0  startup_stm32f10x_hd.o(.text)
    USART3_IRQHandler                        0x08002c43   Thumb Code     0  startup_stm32f10x_hd.o(.text)
    USBWakeUp_IRQHandler                     0x08002c43   Thumb Code     0  startup_stm32f10x_hd.o(.text)
    USB_HP_CAN1_TX_IRQHandler                0x08002c43   Thumb Code     0  startup_stm32f10x_hd.o(.text)
    USB_LP_CAN1_RX0_IRQHandler               0x08002c43   Thumb Code     0  startup_stm32f10x_hd.o(.text)
    WWDG_IRQHandler                          0x08002c43   Thumb Code     0  startup_stm32f10x_hd.o(.text)
    __user_initial_stackheap                 0x08002c45   Thumb Code     0  startup_stm32f10x_hd.o(.text)
    NVIC_PriorityGroupConfig                 0x08002c69   Thumb Code    10  misc.o(.text)
    NVIC_Init                                0x08002c73   Thumb Code   100  misc.o(.text)
    NVIC_SetVectorTable                      0x08002cd7   Thumb Code    14  misc.o(.text)
    NVIC_SystemLPConfig                      0x08002ce5   Thumb Code    34  misc.o(.text)
    SysTick_CLKSourceConfig                  0x08002d07   Thumb Code    40  misc.o(.text)
    GPIO_DeInit                              0x08002d45   Thumb Code   172  stm32f10x_gpio.o(.text)
    GPIO_AFIODeInit                          0x08002df1   Thumb Code    20  stm32f10x_gpio.o(.text)
    GPIO_Init                                0x08002e05   Thumb Code   278  stm32f10x_gpio.o(.text)
    GPIO_StructInit                          0x08002f1b   Thumb Code    16  stm32f10x_gpio.o(.text)
    GPIO_ReadInputDataBit                    0x08002f2b   Thumb Code    18  stm32f10x_gpio.o(.text)
    GPIO_ReadInputData                       0x08002f3d   Thumb Code     8  stm32f10x_gpio.o(.text)
    GPIO_ReadOutputDataBit                   0x08002f45   Thumb Code    18  stm32f10x_gpio.o(.text)
    GPIO_ReadOutputData                      0x08002f57   Thumb Code     8  stm32f10x_gpio.o(.text)
    GPIO_SetBits                             0x08002f5f   Thumb Code     4  stm32f10x_gpio.o(.text)
    GPIO_ResetBits                           0x08002f63   Thumb Code     4  stm32f10x_gpio.o(.text)
    GPIO_WriteBit                            0x08002f67   Thumb Code    10  stm32f10x_gpio.o(.text)
    GPIO_Write                               0x08002f71   Thumb Code     4  stm32f10x_gpio.o(.text)
    GPIO_PinLockConfig                       0x08002f75   Thumb Code    18  stm32f10x_gpio.o(.text)
    GPIO_EventOutputConfig                   0x08002f87   Thumb Code    26  stm32f10x_gpio.o(.text)
    GPIO_EventOutputCmd                      0x08002fa1   Thumb Code     6  stm32f10x_gpio.o(.text)
    GPIO_PinRemapConfig                      0x08002fa7   Thumb Code   138  stm32f10x_gpio.o(.text)
    GPIO_EXTILineConfig                      0x08003031   Thumb Code    66  stm32f10x_gpio.o(.text)
    GPIO_ETH_MediaInterfaceConfig            0x08003073   Thumb Code     8  stm32f10x_gpio.o(.text)
    RCC_DeInit                               0x080030a1   Thumb Code    64  stm32f10x_rcc.o(.text)
    RCC_HSEConfig                            0x080030e1   Thumb Code    70  stm32f10x_rcc.o(.text)
    RCC_GetFlagStatus                        0x08003127   Thumb Code    56  stm32f10x_rcc.o(.text)
    RCC_WaitForHSEStartUp                    0x0800315f   Thumb Code    56  stm32f10x_rcc.o(.text)
    RCC_AdjustHSICalibrationValue            0x08003197   Thumb Code    20  stm32f10x_rcc.o(.text)
    RCC_HSICmd                               0x080031ab   Thumb Code     6  stm32f10x_rcc.o(.text)
    RCC_PLLConfig                            0x080031b1   Thumb Code    24  stm32f10x_rcc.o(.text)
    RCC_PLLCmd                               0x080031c9   Thumb Code     6  stm32f10x_rcc.o(.text)
    RCC_SYSCLKConfig                         0x080031cf   Thumb Code    18  stm32f10x_rcc.o(.text)
    RCC_GetSYSCLKSource                      0x080031e1   Thumb Code    10  stm32f10x_rcc.o(.text)
    RCC_HCLKConfig                           0x080031eb   Thumb Code    18  stm32f10x_rcc.o(.text)
    RCC_PCLK1Config                          0x080031fd   Thumb Code    18  stm32f10x_rcc.o(.text)
    RCC_PCLK2Config                          0x0800320f   Thumb Code    20  stm32f10x_rcc.o(.text)
    RCC_ITConfig                             0x08003223   Thumb Code    26  stm32f10x_rcc.o(.text)
    RCC_USBCLKConfig                         0x0800323d   Thumb Code     8  stm32f10x_rcc.o(.text)
    RCC_ADCCLKConfig                         0x08003245   Thumb Code    18  stm32f10x_rcc.o(.text)
    RCC_LSEConfig                            0x08003257   Thumb Code    50  stm32f10x_rcc.o(.text)
    RCC_LSICmd                               0x08003289   Thumb Code     6  stm32f10x_rcc.o(.text)
    RCC_RTCCLKConfig                         0x0800328f   Thumb Code    12  stm32f10x_rcc.o(.text)
    RCC_RTCCLKCmd                            0x0800329b   Thumb Code     8  stm32f10x_rcc.o(.text)
    RCC_GetClocksFreq                        0x080032a3   Thumb Code   192  stm32f10x_rcc.o(.text)
    RCC_AHBPeriphClockCmd                    0x08003363   Thumb Code    26  stm32f10x_rcc.o(.text)
    RCC_APB2PeriphClockCmd                   0x0800337d   Thumb Code    26  stm32f10x_rcc.o(.text)
    RCC_APB1PeriphClockCmd                   0x08003397   Thumb Code    26  stm32f10x_rcc.o(.text)
    RCC_APB2PeriphResetCmd                   0x080033b1   Thumb Code    26  stm32f10x_rcc.o(.text)
    RCC_APB1PeriphResetCmd                   0x080033cb   Thumb Code    26  stm32f10x_rcc.o(.text)
    RCC_BackupResetCmd                       0x080033e5   Thumb Code     8  stm32f10x_rcc.o(.text)
    RCC_ClockSecuritySystemCmd               0x080033ed   Thumb Code     6  stm32f10x_rcc.o(.text)
    RCC_MCOConfig                            0x080033f3   Thumb Code     6  stm32f10x_rcc.o(.text)
    RCC_ClearFlag                            0x080033f9   Thumb Code    14  stm32f10x_rcc.o(.text)
    RCC_GetITStatus                          0x08003407   Thumb Code    20  stm32f10x_rcc.o(.text)
    RCC_ClearITPendingBit                    0x0800341b   Thumb Code     6  stm32f10x_rcc.o(.text)
    USART_DeInit                             0x08003445   Thumb Code   134  stm32f10x_usart.o(.text)
    USART_Init                               0x080034cb   Thumb Code   210  stm32f10x_usart.o(.text)
    USART_StructInit                         0x0800359d   Thumb Code    24  stm32f10x_usart.o(.text)
    USART_ClockInit                          0x080035b5   Thumb Code    34  stm32f10x_usart.o(.text)
    USART_ClockStructInit                    0x080035d7   Thumb Code    12  stm32f10x_usart.o(.text)
    USART_Cmd                                0x080035e3   Thumb Code    24  stm32f10x_usart.o(.text)
    USART_ITConfig                           0x080035fb   Thumb Code    74  stm32f10x_usart.o(.text)
    USART_DMACmd                             0x08003645   Thumb Code    18  stm32f10x_usart.o(.text)
    USART_SetAddress                         0x08003657   Thumb Code    18  stm32f10x_usart.o(.text)
    USART_WakeUpConfig                       0x08003669   Thumb Code    18  stm32f10x_usart.o(.text)
    USART_ReceiverWakeUpCmd                  0x0800367b   Thumb Code    24  stm32f10x_usart.o(.text)
    USART_LINBreakDetectLengthConfig         0x08003693   Thumb Code    18  stm32f10x_usart.o(.text)
    USART_LINCmd                             0x080036a5   Thumb Code    24  stm32f10x_usart.o(.text)
    USART_SendData                           0x080036bd   Thumb Code     8  stm32f10x_usart.o(.text)
    USART_ReceiveData                        0x080036c5   Thumb Code    10  stm32f10x_usart.o(.text)
    USART_SendBreak                          0x080036cf   Thumb Code    10  stm32f10x_usart.o(.text)
    USART_SetGuardTime                       0x080036d9   Thumb Code    16  stm32f10x_usart.o(.text)
    USART_SetPrescaler                       0x080036e9   Thumb Code    16  stm32f10x_usart.o(.text)
    USART_SmartCardCmd                       0x080036f9   Thumb Code    24  stm32f10x_usart.o(.text)
    USART_SmartCardNACKCmd                   0x08003711   Thumb Code    24  stm32f10x_usart.o(.text)
    USART_HalfDuplexCmd                      0x08003729   Thumb Code    24  stm32f10x_usart.o(.text)
    USART_OverSampling8Cmd                   0x08003741   Thumb Code    22  stm32f10x_usart.o(.text)
    USART_OneBitMethodCmd                    0x08003757   Thumb Code    24  stm32f10x_usart.o(.text)
    USART_IrDAConfig                         0x0800376f   Thumb Code    18  stm32f10x_usart.o(.text)
    USART_IrDACmd                            0x08003781   Thumb Code    24  stm32f10x_usart.o(.text)
    USART_GetFlagStatus                      0x08003799   Thumb Code    26  stm32f10x_usart.o(.text)
    USART_ClearFlag                          0x080037b3   Thumb Code    18  stm32f10x_usart.o(.text)
    USART_GetITStatus                        0x080037c5   Thumb Code    84  stm32f10x_usart.o(.text)
    USART_ClearITPendingBit                  0x08003819   Thumb Code    52  stm32f10x_usart.o(.text)
    FLASH_SetLatency                         0x0800384d   Thumb Code    18  stm32f10x_flash.o(.text)
    FLASH_HalfCycleAccessCmd                 0x0800385f   Thumb Code    22  stm32f10x_flash.o(.text)
    FLASH_PrefetchBufferCmd                  0x08003875   Thumb Code    22  stm32f10x_flash.o(.text)
    FLASH_Unlock                             0x0800388b   Thumb Code    12  stm32f10x_flash.o(.text)
    FLASH_UnlockBank1                        0x08003897   Thumb Code    12  stm32f10x_flash.o(.text)
    FLASH_Lock                               0x080038a3   Thumb Code    14  stm32f10x_flash.o(.text)
    FLASH_LockBank1                          0x080038b1   Thumb Code    14  stm32f10x_flash.o(.text)
    FLASH_GetBank1Status                     0x080038bf   Thumb Code    48  stm32f10x_flash.o(.text)
    FLASH_WaitForLastOperation               0x080038ef   Thumb Code    38  stm32f10x_flash.o(.text)
    FLASH_ErasePage                          0x08003915   Thumb Code    72  stm32f10x_flash.o(.text)
    FLASH_EraseAllPages                      0x0800395d   Thumb Code    68  stm32f10x_flash.o(.text)
    FLASH_WaitForLastBank1Operation          0x080039a1   Thumb Code    38  stm32f10x_flash.o(.text)
    FLASH_EraseAllBank1Pages                 0x080039c7   Thumb Code    68  stm32f10x_flash.o(.text)
    FLASH_GetReadOutProtectionStatus         0x08003a0b   Thumb Code    20  stm32f10x_flash.o(.text)
    FLASH_EraseOptionBytes                   0x08003a1f   Thumb Code   150  stm32f10x_flash.o(.text)
    FLASH_ProgramWord                        0x08003ab5   Thumb Code   102  stm32f10x_flash.o(.text)
    FLASH_ProgramHalfWord                    0x08003b1b   Thumb Code    60  stm32f10x_flash.o(.text)
    FLASH_ProgramOptionByteData              0x08003b57   Thumb Code    72  stm32f10x_flash.o(.text)
    FLASH_EnableWriteProtection              0x08003b9f   Thumb Code   200  stm32f10x_flash.o(.text)
    FLASH_ReadOutProtection                  0x08003c67   Thumb Code   156  stm32f10x_flash.o(.text)
    FLASH_UserOptionByteConfig               0x08003d03   Thumb Code    88  stm32f10x_flash.o(.text)
    FLASH_GetUserOptionByte                  0x08003d5b   Thumb Code     8  stm32f10x_flash.o(.text)
    FLASH_GetWriteProtectionOptionByte       0x08003d63   Thumb Code     6  stm32f10x_flash.o(.text)
    FLASH_GetPrefetchBufferStatus            0x08003d69   Thumb Code    20  stm32f10x_flash.o(.text)
    FLASH_ITConfig                           0x08003d7d   Thumb Code    26  stm32f10x_flash.o(.text)
    FLASH_GetFlagStatus                      0x08003d97   Thumb Code    42  stm32f10x_flash.o(.text)
    FLASH_ClearFlag                          0x08003dc1   Thumb Code     6  stm32f10x_flash.o(.text)
    FLASH_GetStatus                          0x08003dc7   Thumb Code    48  stm32f10x_flash.o(.text)
    iap_write_appbin                         0x08003e09   Thumb Code    98  iap.o(.text)
    iap_load_app                             0x08003e6b   Thumb Code    44  iap.o(.text)
    __use_no_semihosting                     0x08003ead   Thumb Code     2  use_no_semi_2.o(.text)
    __rt_ctype_table                         0x08003eb1   Thumb Code    16  rt_ctype_table.o(.text)
    toupper                                  0x08003ec1   Thumb Code    30  toupper.o(.text)
    __2printf                                0x08003ee1   Thumb Code    20  noretval__2printf.o(.text)
    __printf                                 0x08003ef9   Thumb Code   104  __printf.o(.text)
    _printf_str                              0x08003f61   Thumb Code    82  _printf_str.o(.text)
    _printf_int_dec                          0x08003fb5   Thumb Code   104  _printf_dec.o(.text)
    _printf_int_hex                          0x0800402d   Thumb Code    84  _printf_hex_int.o(.text)
    _printf_longlong_hex                     0x0800402d   Thumb Code     0  _printf_hex_int.o(.text)
    strstr                                   0x08004085   Thumb Code    36  strstr.o(.text)
    memcmp                                   0x080040a9   Thumb Code    88  memcmp.o(.text)
    strlen                                   0x08004101   Thumb Code    62  strlen.o(.text)
    strcat                                   0x0800413f   Thumb Code    24  strcat.o(.text)
    __aeabi_memcpy                           0x08004157   Thumb Code     0  rt_memcpy_v6.o(.text)
    __rt_memcpy                              0x08004157   Thumb Code   138  rt_memcpy_v6.o(.text)
    _memcpy_lastbytes                        0x080041bd   Thumb Code     0  rt_memcpy_v6.o(.text)
    __aeabi_memcpy4                          0x080041e1   Thumb Code     0  rt_memcpy_w.o(.text)
    __aeabi_memcpy8                          0x080041e1   Thumb Code     0  rt_memcpy_w.o(.text)
    __rt_memcpy_w                            0x080041e1   Thumb Code   100  rt_memcpy_w.o(.text)
    _memcpy_lastbytes_aligned                0x08004229   Thumb Code     0  rt_memcpy_w.o(.text)
    __aeabi_memclr4                          0x08004245   Thumb Code     0  rt_memclr_w.o(.text)
    __aeabi_memclr8                          0x08004245   Thumb Code     0  rt_memclr_w.o(.text)
    __rt_memclr_w                            0x08004245   Thumb Code    78  rt_memclr_w.o(.text)
    _memset_w                                0x08004249   Thumb Code     0  rt_memclr_w.o(.text)
    __use_two_region_memory                  0x08004293   Thumb Code     2  heapauxi.o(.text)
    __rt_heap_escrow$2region                 0x08004295   Thumb Code     2  heapauxi.o(.text)
    __rt_heap_expand$2region                 0x08004297   Thumb Code     2  heapauxi.o(.text)
    __I$use$semihosting                      0x08004299   Thumb Code     0  use_no_semi.o(.text)
    __use_no_semihosting_swi                 0x08004299   Thumb Code     2  use_no_semi.o(.text)
    __rt_locale                              0x0800429d   Thumb Code     8  rt_locale_intlibspace.o(.text)
    _printf_int_common                       0x080042a5   Thumb Code   178  _printf_intcommon.o(.text)
    _printf_cs_common                        0x08004357   Thumb Code    20  _printf_char.o(.text)
    _printf_char                             0x0800436b   Thumb Code    16  _printf_char.o(.text)
    _printf_string                           0x0800437b   Thumb Code     8  _printf_char.o(.text)
    _printf_char_file                        0x08004385   Thumb Code    32  _printf_char_file.o(.text)
    __user_libspace                          0x080043a9   Thumb Code     8  libspace.o(.text)
    __user_perproc_libspace                  0x080043a9   Thumb Code     0  libspace.o(.text)
    __user_perthread_libspace                0x080043a9   Thumb Code     0  libspace.o(.text)
    _printf_char_common                      0x080043bb   Thumb Code    32  _printf_char_common.o(.text)
    ferror                                   0x080043e1   Thumb Code     8  ferror.o(.text)
    strcmp                                   0x080043e9   Thumb Code   128  strcmpv7m.o(.text)
    __user_setup_stackheap                   0x08004469   Thumb Code    74  sys_stackheap_outer.o(.text)
    exit                                     0x080044b3   Thumb Code    12  exit.o(.text)
    _get_lc_ctype                            0x080044c1   Thumb Code    44  lc_ctype_c.o(locale$$code)
    UDP_local_port                           0x080044ec   Data           5  main.o(.constdata)
    UDP_ipv4_addr                            0x080044f1   Data          16  main.o(.constdata)
    Region$$Table$$Base                      0x08004748   Number         0  anon$$obj.o(Region$$Table)
    Region$$Table$$Limit                     0x08004768   Number         0  anon$$obj.o(Region$$Table)
    __ctype                                  0x08004775   Data           0  lc_ctype_c.o(locale$$data)
    SystemCoreClock                          0x2000001c   Data           4  system_stm32f10x.o(.data)
    AHBPrescTable                            0x20000020   Data          16  system_stm32f10x.o(.data)
    Operator                                 0x20000030   Data           1  sim7600ce.o(.data)
    type                                     0x20000031   Data           1  sim7600ce.o(.data)
    __stdout                                 0x2000003c   Data           4  usart.o(.data)
    USART_RX_STA                             0x20000040   Data           2  usart.o(.data)
    USART_RX_CNT                             0x20000042   Data           2  usart.o(.data)
    USART4_RX_STA                            0x20000044   Data           4  usart.o(.data)
    xfunc_out                                0x2000004c   Data           4  xprintf.o(.data)
    xfunc_in                                 0x20000054   Data           4  xprintf.o(.data)
    jump2app                                 0x2000006c   Data           4  iap.o(.data)
    __libspace_start                         0x20000d8c   Data          96  libspace.o(.bss)
    __temporary_stack_top$libspace           0x20000dec   Data           0  libspace.o(.bss)
    USART_RX_BUF                             0x20001000   Data        1024  usart.o(.ARM.__AT_0x20001000)
    STMFLASH_BUF                             0x20001400   Data        2048  stmflash.o(.bss)
    ringgprsbuf                              0x20001c00   Data          20  sim7600ce_connect.o(.bss)
    gprs_buf                                 0x20001c14   Data        1024  sim7600ce_connect.o(.bss)
    USART4_RX_BUF                            0x20002414   Data        1024  usart.o(.bss)
    iapbuf                                   0x20002814   Data        2048  iap.o(.bss)



==============================================================================

Memory Map of the image

  Image Entry point : 0x08000131

  Load Region LR_IROM1 (Base: 0x08000000, Size: 0x000048e8, Max: 0x00060000, ABSOLUTE)

    Execution Region ER_IROM1 (Base: 0x08000000, Size: 0x00004878, Max: 0x00060000, ABSOLUTE)

    Base Addr    Size         Type   Attr      Idx    E Section Name        Object

    0x08000000   0x00000130   Data   RO          387    RESET               startup_stm32f10x_hd.o
    0x08000130   0x00000008   Code   RO          561  * !!!main             c_w.l(__main.o)
    0x08000138   0x00000034   Code   RO          740    !!!scatter          c_w.l(__scatter.o)
    0x0800016c   0x0000001a   Code   RO          742    !!handler_copy      c_w.l(__scatter_copy.o)
    0x08000186   0x00000002   PAD
    0x08000188   0x0000001c   Code   RO          744    !!handler_zi        c_w.l(__scatter_zi.o)
    0x080001a4   0x00000000   Code   RO          544    .ARM.Collect$$_printf_percent$$00000000  c_w.l(_printf_percent.o)
    0x080001a4   0x00000006   Code   RO          543    .ARM.Collect$$_printf_percent$$00000009  c_w.l(_printf_d.o)
    0x080001aa   0x00000006   Code   RO          542    .ARM.Collect$$_printf_percent$$0000000C  c_w.l(_printf_x.o)
    0x080001b0   0x00000006   Code   RO          541    .ARM.Collect$$_printf_percent$$00000013  c_w.l(_printf_c.o)
    0x080001b6   0x00000004   Code   RO          577    .ARM.Collect$$_printf_percent$$00000017  c_w.l(_printf_percent_end.o)
    0x080001ba   0x00000002   Code   RO          665    .ARM.Collect$$libinit$$00000000  c_w.l(libinit.o)
    0x080001bc   0x00000000   Code   RO          608    .ARM.Collect$$libinit$$00000002  c_w.l(libinit2.o)
    0x080001bc   0x00000000   Code   RO          610    .ARM.Collect$$libinit$$00000004  c_w.l(libinit2.o)
    0x080001bc   0x00000000   Code   RO          613    .ARM.Collect$$libinit$$0000000A  c_w.l(libinit2.o)
    0x080001bc   0x00000000   Code   RO          615    .ARM.Collect$$libinit$$0000000C  c_w.l(libinit2.o)
    0x080001bc   0x00000000   Code   RO          617    .ARM.Collect$$libinit$$0000000E  c_w.l(libinit2.o)
    0x080001bc   0x00000006   Code   RO          618    .ARM.Collect$$libinit$$0000000F  c_w.l(libinit2.o)
    0x080001c2   0x00000000   Code   RO          620    .ARM.Collect$$libinit$$00000011  c_w.l(libinit2.o)
    0x080001c2   0x0000000c   Code   RO          621    .ARM.Collect$$libinit$$00000012  c_w.l(libinit2.o)
    0x080001ce   0x00000000   Code   RO          622    .ARM.Collect$$libinit$$00000013  c_w.l(libinit2.o)
    0x080001ce   0x00000000   Code   RO          624    .ARM.Collect$$libinit$$00000015  c_w.l(libinit2.o)
    0x080001ce   0x00000000   Code   RO          626    .ARM.Collect$$libinit$$00000017  c_w.l(libinit2.o)
    0x080001ce   0x00000000   Code   RO          628    .ARM.Collect$$libinit$$00000019  c_w.l(libinit2.o)
    0x080001ce   0x00000000   Code   RO          630    .ARM.Collect$$libinit$$0000001B  c_w.l(libinit2.o)
    0x080001ce   0x00000000   Code   RO          632    .ARM.Collect$$libinit$$0000001D  c_w.l(libinit2.o)
    0x080001ce   0x00000000   Code   RO          634    .ARM.Collect$$libinit$$0000001F  c_w.l(libinit2.o)
    0x080001ce   0x00000000   Code   RO          636    .ARM.Collect$$libinit$$00000021  c_w.l(libinit2.o)
    0x080001ce   0x00000000   Code   RO          638    .ARM.Collect$$libinit$$00000023  c_w.l(libinit2.o)
    0x080001ce   0x00000000   Code   RO          640    .ARM.Collect$$libinit$$00000025  c_w.l(libinit2.o)
    0x080001ce   0x00000000   Code   RO          644    .ARM.Collect$$libinit$$0000002C  c_w.l(libinit2.o)
    0x080001ce   0x00000000   Code   RO          646    .ARM.Collect$$libinit$$0000002E  c_w.l(libinit2.o)
    0x080001ce   0x00000000   Code   RO          648    .ARM.Collect$$libinit$$00000030  c_w.l(libinit2.o)
    0x080001ce   0x00000000   Code   RO          650    .ARM.Collect$$libinit$$00000032  c_w.l(libinit2.o)
    0x080001ce   0x00000002   Code   RO          651    .ARM.Collect$$libinit$$00000033  c_w.l(libinit2.o)
    0x080001d0   0x00000002   Code   RO          698    .ARM.Collect$$libshutdown$$00000000  c_w.l(libshutdown.o)
    0x080001d2   0x00000000   Code   RO          705    .ARM.Collect$$libshutdown$$00000003  c_w.l(libshutdown2.o)
    0x080001d2   0x00000000   Code   RO          708    .ARM.Collect$$libshutdown$$00000006  c_w.l(libshutdown2.o)
    0x080001d2   0x00000000   Code   RO          711    .ARM.Collect$$libshutdown$$00000009  c_w.l(libshutdown2.o)
    0x080001d2   0x00000000   Code   RO          713    .ARM.Collect$$libshutdown$$0000000B  c_w.l(libshutdown2.o)
    0x080001d2   0x00000000   Code   RO          716    .ARM.Collect$$libshutdown$$0000000E  c_w.l(libshutdown2.o)
    0x080001d2   0x00000002   Code   RO          717    .ARM.Collect$$libshutdown$$0000000F  c_w.l(libshutdown2.o)
    0x080001d4   0x00000000   Code   RO          565    .ARM.Collect$$rtentry$$00000000  c_w.l(__rtentry.o)
    0x080001d4   0x00000000   Code   RO          585    .ARM.Collect$$rtentry$$00000002  c_w.l(__rtentry2.o)
    0x080001d4   0x00000006   Code   RO          597    .ARM.Collect$$rtentry$$00000004  c_w.l(__rtentry4.o)
    0x080001da   0x00000000   Code   RO          587    .ARM.Collect$$rtentry$$00000009  c_w.l(__rtentry2.o)
    0x080001da   0x00000004   Code   RO          588    .ARM.Collect$$rtentry$$0000000A  c_w.l(__rtentry2.o)
    0x080001de   0x00000000   Code   RO          590    .ARM.Collect$$rtentry$$0000000C  c_w.l(__rtentry2.o)
    0x080001de   0x00000008   Code   RO          591    .ARM.Collect$$rtentry$$0000000D  c_w.l(__rtentry2.o)
    0x080001e6   0x00000002   Code   RO          668    .ARM.Collect$$rtexit$$00000000  c_w.l(rtexit.o)
    0x080001e8   0x00000000   Code   RO          677    .ARM.Collect$$rtexit$$00000002  c_w.l(rtexit2.o)
    0x080001e8   0x00000004   Code   RO          678    .ARM.Collect$$rtexit$$00000003  c_w.l(rtexit2.o)
    0x080001ec   0x00000006   Code   RO          679    .ARM.Collect$$rtexit$$00000004  c_w.l(rtexit2.o)
    0x080001f2   0x00000002   PAD
    0x080001f4   0x0000000c   Code   RO          295    .emb_text           sys.o
    0x08000200   0x00000a48   Code   RO            1    .text               main.o
    0x08000c48   0x0000001a   Code   RO          108    .text               stm32f10x_it.o
    0x08000c62   0x00000002   PAD
    0x08000c64   0x000001e0   Code   RO          140    .text               system_stm32f10x.o
    0x08000e44   0x00000074   Code   RO          158    .text               led.o
    0x08000eb8   0x00000144   Code   RO          170    .text               stmflash.o
    0x08000ffc   0x000003b4   Code   RO          185    .text               sim800a.o
    0x080013b0   0x00000038   Code   RO          199    .text               crc16.o
    0x080013e8   0x000004f4   Code   RO          213    .text               sim7600ce.o
    0x080018dc   0x000006f0   Code   RO          233    .text               sim7600ce_connect.o
    0x08001fcc   0x00000168   Code   RO          253    .text               fifo.o
    0x08002134   0x00000088   Code   RO          268    .text               gprs_handle.o
    0x080021bc   0x000000d4   Code   RO          281    .text               delay.o
    0x08002290   0x000002ac   Code   RO          312    .text               usart.o
    0x0800253c   0x000001e4   Code   RO          336    .text               sysprintf.o
    0x08002720   0x00000508   Code   RO          357    .text               xprintf.o
    0x08002c28   0x00000040   Code   RO          388    .text               startup_stm32f10x_hd.o
    0x08002c68   0x000000dc   Code   RO          392    .text               misc.o
    0x08002d44   0x0000035c   Code   RO          416    .text               stm32f10x_gpio.o
    0x080030a0   0x000003a4   Code   RO          428    .text               stm32f10x_rcc.o
    0x08003444   0x00000408   Code   RO          442    .text               stm32f10x_usart.o
    0x0800384c   0x000005bc   Code   RO          454    .text               stm32f10x_flash.o
    0x08003e08   0x000000a4   Code   RO          466    .text               iap.o
    0x08003eac   0x00000002   Code   RO          484    .text               c_w.l(use_no_semi_2.o)
    0x08003eae   0x00000002   PAD
    0x08003eb0   0x00000010   Code   RO          486    .text               c_w.l(rt_ctype_table.o)
    0x08003ec0   0x0000001e   Code   RO          488    .text               c_w.l(toupper.o)
    0x08003ede   0x00000002   PAD
    0x08003ee0   0x00000018   Code   RO          492    .text               c_w.l(noretval__2printf.o)
    0x08003ef8   0x00000068   Code   RO          494    .text               c_w.l(__printf.o)
    0x08003f60   0x00000052   Code   RO          496    .text               c_w.l(_printf_str.o)
    0x08003fb2   0x00000002   PAD
    0x08003fb4   0x00000078   Code   RO          498    .text               c_w.l(_printf_dec.o)
    0x0800402c   0x00000058   Code   RO          503    .text               c_w.l(_printf_hex_int.o)
    0x08004084   0x00000024   Code   RO          545    .text               c_w.l(strstr.o)
    0x080040a8   0x00000058   Code   RO          547    .text               c_w.l(memcmp.o)
    0x08004100   0x0000003e   Code   RO          549    .text               c_w.l(strlen.o)
    0x0800413e   0x00000018   Code   RO          551    .text               c_w.l(strcat.o)
    0x08004156   0x0000008a   Code   RO          553    .text               c_w.l(rt_memcpy_v6.o)
    0x080041e0   0x00000064   Code   RO          555    .text               c_w.l(rt_memcpy_w.o)
    0x08004244   0x0000004e   Code   RO          557    .text               c_w.l(rt_memclr_w.o)
    0x08004292   0x00000006   Code   RO          559    .text               c_w.l(heapauxi.o)
    0x08004298   0x00000002   Code   RO          563    .text               c_w.l(use_no_semi.o)
    0x0800429a   0x00000002   PAD
    0x0800429c   0x00000008   Code   RO          569    .text               c_w.l(rt_locale_intlibspace.o)
    0x080042a4   0x000000b2   Code   RO          571    .text               c_w.l(_printf_intcommon.o)
    0x08004356   0x0000002c   Code   RO          573    .text               c_w.l(_printf_char.o)
    0x08004382   0x00000002   PAD
    0x08004384   0x00000024   Code   RO          575    .text               c_w.l(_printf_char_file.o)
    0x080043a8   0x00000008   Code   RO          581    .text               c_w.l(libspace.o)
    0x080043b0   0x00000030   Code   RO          599    .text               c_w.l(_printf_char_common.o)
    0x080043e0   0x00000008   Code   RO          601    .text               c_w.l(ferror.o)
    0x080043e8   0x00000080   Code   RO          605    .text               c_w.l(strcmpv7m.o)
    0x08004468   0x0000004a   Code   RO          652    .text               c_w.l(sys_stackheap_outer.o)
    0x080044b2   0x0000000c   Code   RO          656    .text               c_w.l(exit.o)
    0x080044be   0x00000002   PAD
    0x080044c0   0x0000002c   Code   RO          579    locale$$code        c_w.l(lc_ctype_c.o)
    0x080044ec   0x00000015   Data   RO            3    .constdata          main.o
    0x08004501   0x00000004   Data   RO          186    .constdata          sim800a.o
    0x08004505   0x00000200   Data   RO          200    .constdata          crc16.o
    0x08004705   0x00000004   Data   RO          215    .constdata          sim7600ce.o
    0x08004709   0x00000015   Data   RO          235    .constdata          sim7600ce_connect.o
    0x0800471e   0x00000028   Data   RO          504    .constdata          c_w.l(_printf_hex_int.o)
    0x08004746   0x00000002   PAD
    0x08004748   0x00000020   Data   RO          738    Region$$Table       anon$$obj.o
    0x08004768   0x00000110   Data   RO          578    locale$$data        c_w.l(lc_ctype_c.o)


    Execution Region RW_IRAM1 (Base: 0x20000000, Size: 0x00003418, Max: 0x00010000, ABSOLUTE)

    Base Addr    Size         Type   Attr      Idx    E Section Name        Object

    0x20000000   0x0000001c   Data   RW            4    .data               main.o
    0x2000001c   0x00000014   Data   RW          141    .data               system_stm32f10x.o
    0x20000030   0x00000002   Data   RW          216    .data               sim7600ce.o
    0x20000032   0x00000003   Data   RW          236    .data               sim7600ce_connect.o
    0x20000035   0x00000001   PAD
    0x20000036   0x00000002   Data   RW          269    .data               gprs_handle.o
    0x20000038   0x00000004   Data   RW          282    .data               delay.o
    0x2000003c   0x0000000c   Data   RW          315    .data               usart.o
    0x20000048   0x00000001   Data   RW          337    .data               sysprintf.o
    0x20000049   0x00000003   PAD
    0x2000004c   0x0000000c   Data   RW          358    .data               xprintf.o
    0x20000058   0x00000014   Data   RW          429    .data               stm32f10x_rcc.o
    0x2000006c   0x00000004   Data   RW          468    .data               iap.o
    0x20000070   0x00000bdf   Zero   RW            2    .bss                main.o
    0x20000c4f   0x0000013a   Zero   RW          214    .bss                sim7600ce.o
    0x20000d89   0x00000003   PAD
    0x20000d8c   0x00000060   Zero   RW          582    .bss                c_w.l(libspace.o)
    0x20000dec   0x00000004   PAD
    0x20000df0   0x00000200   Zero   RW          386    HEAP                startup_stm32f10x_hd.o
    0x20000ff0   0x00000010   PAD
    0x20001000   0x00000400   Zero   RW          313    .ARM.__AT_0x20001000  usart.o
    0x20001400   0x00000800   Zero   RW          171    .bss                stmflash.o
    0x20001c00   0x00000814   Zero   RW          234    .bss                sim7600ce_connect.o
    0x20002414   0x00000400   Zero   RW          314    .bss                usart.o
    0x20002814   0x00000800   Zero   RW          467    .bss                iap.o
    0x20003014   0x00000004   PAD
    0x20003018   0x00000400   Zero   RW          385    STACK               startup_stm32f10x_hd.o


==============================================================================

Image component sizes


      Code (inc. data)   RO Data    RW Data    ZI Data      Debug   Object Name

        56          8        512          0          0       1172   crc16.o
       212         18          0          4          0       1023   delay.o
       360          0          0          0          0       2781   fifo.o
       136          4          0          2          0       1400   gprs_handle.o
       164         22          0          4       2048       1630   iap.o
       116         14          0          0          0        515   led.o
      2632        474         21         28       3039     246243   main.o
       220         22          0          0          0       1805   misc.o
      1268        302          4          2        314       6371   sim7600ce.o
      1776        168         21          3       2068       5333   sim7600ce_connect.o
       948        160          4          0          0       4607   sim800a.o
        64         26        304          0       1536        796   startup_stm32f10x_hd.o
      1468         34          0          0          0       8038   stm32f10x_flash.o
       860         38          0          0          0       5649   stm32f10x_gpio.o
        26          0          0          0          0       1182   stm32f10x_it.o
       932         36          0         20          0       8824   stm32f10x_rcc.o
      1032         22          0          0          0       8376   stm32f10x_usart.o
       324          8          0          0       2048       2618   stmflash.o
        12          0          0          0          0        484   sys.o
       484         58          0          1          0       3435   sysprintf.o
       480         38          0         20          0       1743   system_stm32f10x.o
       684         42          0         12       2048       5211   usart.o
      1288         50          0         12          0       5049   xprintf.o

    ----------------------------------------------------------------------
     15544       1544        898        112      13124     324285   Object Totals
         0          0         32          0          0          0   (incl. Generated)
         2          0          0          4         23          0   (incl. Padding)

    ----------------------------------------------------------------------

      Code (inc. data)   RO Data    RW Data    ZI Data      Debug   Library Member Name

         8          0          0          0          0         68   __main.o
       104          0          0          0          0         84   __printf.o
         0          0          0          0          0          0   __rtentry.o
        12          0          0          0          0          0   __rtentry2.o
         6          0          0          0          0          0   __rtentry4.o
        52          8          0          0          0          0   __scatter.o
        26          0          0          0          0          0   __scatter_copy.o
        28          0          0          0          0          0   __scatter_zi.o
         6          0          0          0          0          0   _printf_c.o
        44          0          0          0          0        108   _printf_char.o
        48          6          0          0          0         96   _printf_char_common.o
        36          4          0          0          0         80   _printf_char_file.o
         6          0          0          0          0          0   _printf_d.o
       120         16          0          0          0         92   _printf_dec.o
        88          4         40          0          0         88   _printf_hex_int.o
       178          0          0          0          0         88   _printf_intcommon.o
         0          0          0          0          0          0   _printf_percent.o
         4          0          0          0          0          0   _printf_percent_end.o
        82          0          0          0          0         80   _printf_str.o
         6          0          0          0          0          0   _printf_x.o
        12          0          0          0          0         72   exit.o
         8          0          0          0          0         68   ferror.o
         6          0          0          0          0        152   heapauxi.o
        44         10        272          0          0         76   lc_ctype_c.o
         2          0          0          0          0          0   libinit.o
        20          0          0          0          0          0   libinit2.o
         2          0          0          0          0          0   libshutdown.o
         2          0          0          0          0          0   libshutdown2.o
         8          4          0          0         96         68   libspace.o
        88          0          0          0          0         76   memcmp.o
        24          4          0          0          0         84   noretval__2printf.o
        16          4          0          0          0         76   rt_ctype_table.o
         8          4          0          0          0         68   rt_locale_intlibspace.o
        78          0          0          0          0         80   rt_memclr_w.o
       138          0          0          0          0         68   rt_memcpy_v6.o
       100          0          0          0          0         80   rt_memcpy_w.o
         2          0          0          0          0          0   rtexit.o
        10          0          0          0          0          0   rtexit2.o
        24          0          0          0          0         68   strcat.o
       128          0          0          0          0         68   strcmpv7m.o
        62          0          0          0          0         76   strlen.o
        36          0          0          0          0         80   strstr.o
        74          0          0          0          0         80   sys_stackheap_outer.o
        30          0          0          0          0         76   toupper.o
         2          0          0          0          0         68   use_no_semi.o
         2          0          0          0          0         68   use_no_semi_2.o

    ----------------------------------------------------------------------
      1796         64        314          0        100       2336   Library Totals
        16          0          2          0          4          0   (incl. Padding)

    ----------------------------------------------------------------------

      Code (inc. data)   RO Data    RW Data    ZI Data      Debug   Library Name

      1780         64        312          0         96       2336   c_w.l

    ----------------------------------------------------------------------
      1796         64        314          0        100       2336   Library Totals

    ----------------------------------------------------------------------

==============================================================================


      Code (inc. data)   RO Data    RW Data    ZI Data      Debug   

     17340       1608       1212        112      13224     323497   Grand Totals
     17340       1608       1212        112      13224     323497   ELF Image Totals
     17340       1608       1212        112          0          0   ROM Totals

==============================================================================

    Total RO  Size (Code + RO Data)                18552 (  18.12kB)
    Total RW  Size (RW Data + ZI Data)             13336 (  13.02kB)
    Total ROM Size (Code + RO Data + RW Data)      18664 (  18.23kB)

==============================================================================

